<?xml version="1.0"?>
<link_info>
   <banner>TMS320C6x Linker PC v7.4.7</banner>
   <copyright>Copyright (c) 1996-2014 Texas Instruments Incorporated</copyright>
   <link_time>0x5ddba7fb</link_time>
   <output_file>MattB_HW8_v2.out</output_file>
   <entry_point>
      <name>_c_int00</name>
      <address>0xa920</address>
   </entry_point>
   <input_file_list>
      <input_file id="fl-2">
         <path>.\</path>
         <kind>object</kind>
         <file>MattB_HW8_v2cfg.obj</file>
         <name>MattB_HW8_v2cfg.obj</name>
      </input_file>
      <input_file id="fl-3">
         <path>.\</path>
         <kind>object</kind>
         <file>MattB_HW8_v2cfg_c.obj</file>
         <name>MattB_HW8_v2cfg_c.obj</name>
      </input_file>
      <input_file id="fl-4">
         <path>.\</path>
         <kind>object</kind>
         <file>main.obj</file>
         <name>main.obj</name>
      </input_file>
      <input_file id="fl-88">
         <path>c:\ti\bios_5_42_01_09\packages\ti\bios\lib\</path>
         <kind>archive</kind>
         <file>biosC6000.a67</file>
         <name>clk_htime.o67</name>
      </input_file>
      <input_file id="fl-89">
         <path>c:\ti\bios_5_42_01_09\packages\ti\bios\lib\</path>
         <kind>archive</kind>
         <file>bios.a67</file>
         <name>biosdata.o67</name>
      </input_file>
      <input_file id="fl-8a">
         <path>c:\ti\bios_5_42_01_09\packages\ti\bios\lib\</path>
         <kind>archive</kind>
         <file>bios.a67</file>
         <name>hwi_disp_asm.o67</name>
      </input_file>
      <input_file id="fl-8b">
         <path>c:\ti\bios_5_42_01_09\packages\ti\bios\lib\</path>
         <kind>archive</kind>
         <file>bios.a67</file>
         <name>swi.o67</name>
      </input_file>
      <input_file id="fl-8c">
         <path>c:\ti\bios_5_42_01_09\packages\ti\bios\lib\</path>
         <kind>archive</kind>
         <file>bios.a67</file>
         <name>fxn_c.o67</name>
      </input_file>
      <input_file id="fl-8d">
         <path>c:\ti\bios_5_42_01_09\packages\ti\bios\lib\</path>
         <kind>archive</kind>
         <file>bios.a67</file>
         <name>gbl_cslpllinit62.o67</name>
      </input_file>
      <input_file id="fl-8e">
         <path>c:\ti\bios_5_42_01_09\packages\ti\bios\lib\</path>
         <kind>archive</kind>
         <file>bios.a67</file>
         <name>knl_tick.o67</name>
      </input_file>
      <input_file id="fl-8f">
         <path>c:\ti\bios_5_42_01_09\packages\ti\bios\lib\</path>
         <kind>archive</kind>
         <file>bios.a67</file>
         <name>utl_doab.o67</name>
      </input_file>
      <input_file id="fl-90">
         <path>c:\ti\bios_5_42_01_09\packages\ti\bios\lib\</path>
         <kind>archive</kind>
         <file>bios.a67</file>
         <name>utl_doer.o67</name>
      </input_file>
      <input_file id="fl-91">
         <path>c:\ti\bios_5_42_01_09\packages\ti\bios\lib\</path>
         <kind>archive</kind>
         <file>bios.a67</file>
         <name>utl_putc.o67</name>
      </input_file>
      <input_file id="fl-92">
         <path>c:\ti\bios_5_42_01_09\packages\ti\bios\lib\</path>
         <kind>archive</kind>
         <file>bios.a67</file>
         <name>utl_halt.o67</name>
      </input_file>
      <input_file id="fl-93">
         <path>c:\ti\bios_5_42_01_09\packages\ti\bios\lib\</path>
         <kind>archive</kind>
         <file>biosC6000.a67</file>
         <name>clk.o67</name>
      </input_file>
      <input_file id="fl-94">
         <path>c:\ti\bios_5_42_01_09\packages\ti\bios\lib\</path>
         <kind>archive</kind>
         <file>bios.a67</file>
         <name>fxn.o67</name>
      </input_file>
      <input_file id="fl-95">
         <path>c:\ti\bios_5_42_01_09\packages\ti\bios\lib\</path>
         <kind>archive</kind>
         <file>bios.a67</file>
         <name>boot.o67</name>
      </input_file>
      <input_file id="fl-96">
         <path>c:\ti\bios_5_42_01_09\packages\ti\bios\lib\</path>
         <kind>archive</kind>
         <file>bios.a67</file>
         <name>trc.o67</name>
      </input_file>
      <input_file id="fl-97">
         <path>c:\ti\bios_5_42_01_09\packages\ti\bios\lib\</path>
         <kind>archive</kind>
         <file>bios.a67</file>
         <name>hwi.o67</name>
      </input_file>
      <input_file id="fl-98">
         <path>c:\ti\bios_5_42_01_09\packages\ti\bios\lib\</path>
         <kind>archive</kind>
         <file>bios.a67</file>
         <name>idl.o67</name>
      </input_file>
      <input_file id="fl-99">
         <path>c:\ti\bios_5_42_01_09\packages\ti\bios\lib\</path>
         <kind>archive</kind>
         <file>bios.a67</file>
         <name>knl_swit.o67</name>
      </input_file>
      <input_file id="fl-9a">
         <path>c:\ti\bios_5_42_01_09\packages\ti\bios\lib\</path>
         <kind>archive</kind>
         <file>bios.a67</file>
         <name>log.o67</name>
      </input_file>
      <input_file id="fl-9b">
         <path>c:\ti\bios_5_42_01_09\packages\ti\bios\lib\</path>
         <kind>archive</kind>
         <file>bios.a67</file>
         <name>prd.o67</name>
      </input_file>
      <input_file id="fl-9c">
         <path>c:\ti\bios_5_42_01_09\packages\ti\bios\lib\</path>
         <kind>archive</kind>
         <file>bios.a67</file>
         <name>sts.o67</name>
      </input_file>
      <input_file id="fl-9d">
         <path>c:\ti\bios_5_42_01_09\packages\ti\bios\lib\</path>
         <kind>archive</kind>
         <file>bios.a67</file>
         <name>clk_data.o67</name>
      </input_file>
      <input_file id="fl-9e">
         <path>c:\ti\bios_5_42_01_09\packages\ti\bios\lib\</path>
         <kind>archive</kind>
         <file>bios.a67</file>
         <name>clk_data2.o67</name>
      </input_file>
      <input_file id="fl-9f">
         <path>c:\ti\bios_5_42_01_09\packages\ti\bios\lib\</path>
         <kind>archive</kind>
         <file>biosC6000.a67</file>
         <name>clk_start.o67</name>
      </input_file>
      <input_file id="fl-a0">
         <path>c:\ti\bios_5_42_01_09\packages\ti\bios\lib\</path>
         <kind>archive</kind>
         <file>biosC6000.a67</file>
         <name>clk_stop.o67</name>
      </input_file>
      <input_file id="fl-a1">
         <path>C:\Program Files\C6xCSL\lib_3x\</path>
         <kind>archive</kind>
         <file>csl6713.lib</file>
         <name>csl.obj</name>
      </input_file>
      <input_file id="fl-a2">
         <path>C:\Users\bai45916\Desktop\Embedded_Libraries\DSK6713\c6000\dsk6713\lib\</path>
         <kind>archive</kind>
         <file>dsk6713bsl.lib</file>
         <name>dsk6713_aic23_opencodec.obj</name>
      </input_file>
      <input_file id="fl-a3">
         <path>C:\Users\bai45916\Desktop\Embedded_Libraries\DSK6713\c6000\dsk6713\lib\</path>
         <kind>archive</kind>
         <file>dsk6713bsl.lib</file>
         <name>dsk6713_aic23_registers.obj</name>
      </input_file>
      <input_file id="fl-a4">
         <path>C:\Users\bai45916\Desktop\Embedded_Libraries\DSK6713\c6000\dsk6713\lib\</path>
         <kind>archive</kind>
         <file>dsk6713bsl.lib</file>
         <name>dsk6713_aic23_setfreq.obj</name>
      </input_file>
      <input_file id="fl-a5">
         <path>C:\Users\bai45916\Desktop\Embedded_Libraries\DSK6713\c6000\dsk6713\lib\</path>
         <kind>archive</kind>
         <file>dsk6713bsl.lib</file>
         <name>dsk6713_dip.obj</name>
      </input_file>
      <input_file id="fl-a6">
         <path>C:\Users\bai45916\Desktop\Embedded_Libraries\DSK6713\c6000\dsk6713\lib\</path>
         <kind>archive</kind>
         <file>dsk6713bsl.lib</file>
         <name>dsk6713_led.obj</name>
      </input_file>
      <input_file id="fl-a7">
         <path>C:\Users\bai45916\Desktop\Embedded_Libraries\DSK6713\c6000\dsk6713\lib\</path>
         <kind>archive</kind>
         <file>dsk6713bsl.lib</file>
         <name>dsk6713.obj</name>
      </input_file>
      <input_file id="fl-a8">
         <path>C:\Program Files\C6xCSL\lib_3x\</path>
         <kind>archive</kind>
         <file>csl6713.lib</file>
         <name>csl_edma.obj</name>
      </input_file>
      <input_file id="fl-a9">
         <path>c:\ti\bios_5_42_01_09\packages\ti\bios\lib\</path>
         <kind>archive</kind>
         <file>bios.a67</file>
         <name>gbl_cslcacheinit.o67</name>
      </input_file>
      <input_file id="fl-aa">
         <path>c:\ti\bios_5_42_01_09\packages\ti\bios\lib\</path>
         <kind>archive</kind>
         <file>bios.a67</file>
         <name>gbl_vers.o67</name>
      </input_file>
      <input_file id="fl-ab">
         <path>c:\ti\bios_5_42_01_09\packages\ti\bios\lib\</path>
         <kind>archive</kind>
         <file>bios.a67</file>
         <name>hwi_c.o67</name>
      </input_file>
      <input_file id="fl-ac">
         <path>C:\Program Files\C6xCSL\lib_3x\</path>
         <kind>archive</kind>
         <file>csl6713.lib</file>
         <name>csl_irq.obj</name>
      </input_file>
      <input_file id="fl-ad">
         <path>c:\ti\bios_5_42_01_09\packages\ti\bios\lib\</path>
         <kind>archive</kind>
         <file>bios.a67</file>
         <name>knl.o67</name>
      </input_file>
      <input_file id="fl-ae">
         <path>c:\ti\bios_5_42_01_09\packages\ti\bios\lib\</path>
         <kind>archive</kind>
         <file>bios.a67</file>
         <name>knl_exit.o67</name>
      </input_file>
      <input_file id="fl-af">
         <path>c:\ti\bios_5_42_01_09\packages\ti\bios\lib\</path>
         <kind>archive</kind>
         <file>bios.a67</file>
         <name>knl_chec.o67</name>
      </input_file>
      <input_file id="fl-b0">
         <path>c:\ti\bios_5_42_01_09\packages\ti\bios\lib\</path>
         <kind>archive</kind>
         <file>bios.a67</file>
         <name>knl_post.o67</name>
      </input_file>
      <input_file id="fl-b1">
         <path>c:\ti\bios_5_42_01_09\packages\ti\bios\lib\</path>
         <kind>archive</kind>
         <file>bios.a67</file>
         <name>knl_ipos.o67</name>
      </input_file>
      <input_file id="fl-b2">
         <path>c:\ti\bios_5_42_01_09\packages\ti\bios\lib\</path>
         <kind>archive</kind>
         <file>bios.a67</file>
         <name>knl_run.o67</name>
      </input_file>
      <input_file id="fl-b3">
         <path>C:\Program Files\C6xCSL\lib_3x\</path>
         <kind>archive</kind>
         <file>csl6713.lib</file>
         <name>csl_mcbsp.obj</name>
      </input_file>
      <input_file id="fl-b4">
         <path>c:\ti\bios_5_42_01_09\packages\ti\bios\lib\</path>
         <kind>archive</kind>
         <file>bios.a67</file>
         <name>obj_init.o67</name>
      </input_file>
      <input_file id="fl-b5">
         <path>c:\ti\bios_5_42_01_09\packages\ti\bios\lib\</path>
         <kind>archive</kind>
         <file>bios.a67</file>
         <name>sts_set.o67</name>
      </input_file>
      <input_file id="fl-b6">
         <path>C:\Program Files\C6xCSL\lib_3x\</path>
         <kind>archive</kind>
         <file>csl6713.lib</file>
         <name>csl_timer.obj</name>
      </input_file>
      <input_file id="fl-b7">
         <path>c:\ti\bios_5_42_01_09\packages\ti\bios\lib\</path>
         <kind>archive</kind>
         <file>bios.a67</file>
         <name>tsk.o67</name>
      </input_file>
      <input_file id="fl-b8">
         <path>c:\ti\bios_5_42_01_09\packages\ti\bios\lib\</path>
         <kind>archive</kind>
         <file>bios.a67</file>
         <name>tsk_exit.o67</name>
      </input_file>
      <input_file id="fl-b9">
         <path>c:\ti\bios_5_42_01_09\packages\ti\bios\lib\</path>
         <kind>archive</kind>
         <file>bios.a67</file>
         <name>sys_exit.o67</name>
      </input_file>
      <input_file id="fl-ba">
         <path>c:\ti\bios_5_42_01_09\packages\ti\bios\lib\</path>
         <kind>archive</kind>
         <file>bios.a67</file>
         <name>sys.o67</name>
      </input_file>
      <input_file id="fl-bb">
         <path>c:\ti\bios_5_42_01_09\packages\ti\bios\lib\</path>
         <kind>archive</kind>
         <file>bios.a67</file>
         <name>tsk_init.o67</name>
      </input_file>
      <input_file id="fl-bc">
         <path>c:\ti\bios_5_42_01_09\packages\ti\bios\lib\</path>
         <kind>archive</kind>
         <file>bios.a67</file>
         <name>tsk_setu.o67</name>
      </input_file>
      <input_file id="fl-bd">
         <path>c:\ti\bios_5_42_01_09\packages\ti\bios\lib\</path>
         <kind>archive</kind>
         <file>bios.a67</file>
         <name>tsk_stup.o67</name>
      </input_file>
      <input_file id="fl-be">
         <path>c:\ti\bios_5_42_01_09\packages\ti\bios\lib\</path>
         <kind>archive</kind>
         <file>bios.a67</file>
         <name>lck.o67</name>
      </input_file>
      <input_file id="fl-bf">
         <path>c:\ti\bios_5_42_01_09\packages\ti\bios\lib\</path>
         <kind>archive</kind>
         <file>bios.a67</file>
         <name>sem_pend_counting.o67</name>
      </input_file>
      <input_file id="fl-c0">
         <path>c:\ti\bios_5_42_01_09\packages\ti\bios\lib\</path>
         <kind>archive</kind>
         <file>bios.a67</file>
         <name>sem_pend.o67</name>
      </input_file>
      <input_file id="fl-c1">
         <path>c:\ti\bios_5_42_01_09\packages\ti\bios\lib\</path>
         <kind>archive</kind>
         <file>bios.a67</file>
         <name>sem_post_asm.o67</name>
      </input_file>
      <input_file id="fl-c2">
         <path>c:\ti\bios_5_42_01_09\packages\ti\bios\lib\</path>
         <kind>archive</kind>
         <file>bios.a67</file>
         <name>sem_post.o67</name>
      </input_file>
      <input_file id="fl-c3">
         <path>c:\ti\bios_5_42_01_09\packages\ti\bios\lib\</path>
         <kind>archive</kind>
         <file>bios.a67</file>
         <name>sys_abor.o67</name>
      </input_file>
      <input_file id="fl-c4">
         <path>c:\ti\bios_5_42_01_09\packages\ti\bios\lib\</path>
         <kind>archive</kind>
         <file>bios.a67</file>
         <name>gbl_setL2CacheMode.o67</name>
      </input_file>
      <input_file id="fl-c5">
         <path>c:\ti\bios_5_42_01_09\packages\ti\bios\lib\</path>
         <kind>archive</kind>
         <file>bios.a67</file>
         <name>sem_dopo.o67</name>
      </input_file>
      <input_file id="fl-c6">
         <path>c:\ti\bios_5_42_01_09\packages\ti\bios\lib\</path>
         <kind>archive</kind>
         <file>bios.a67</file>
         <name>autoinit.o67</name>
      </input_file>
      <input_file id="fl-c7">
         <path>C:\ti\ccsv6\tools\compiler\c6000_7.4.7\lib\</path>
         <kind>archive</kind>
         <file>rts6700.lib</file>
         <name>_lock.obj</name>
      </input_file>
      <input_file id="fl-c8">
         <path>C:\ti\ccsv6\tools\compiler\c6000_7.4.7\lib\</path>
         <kind>archive</kind>
         <file>rts6700.lib</file>
         <name>strasg.obj</name>
      </input_file>
      <input_file id="fl-c9">
         <path>C:\ti\ccsv6\tools\compiler\c6000_7.4.7\lib\</path>
         <kind>archive</kind>
         <file>rts6700.lib</file>
         <name>memcpy62.obj</name>
      </input_file>
   </input_file_list>
   <object_component_list>
      <object_component id="oc-53">
         <name>.vers</name>
         <load_address>0x0</load_address>
         <run_address>0x0</run_address>
         <size>0x44</size>
         <input_file_ref idref="fl-2"/>
      </object_component>
      <object_component id="oc-46">
         <name>.clk</name>
         <uninitialized>true</uninitialized>
         <run_address>0xb350</run_address>
         <size>0x8</size>
         <input_file_ref idref="fl-2"/>
      </object_component>
      <object_component id="oc-47">
         <name>.prd</name>
         <uninitialized>true</uninitialized>
         <run_address>0x8b5c</run_address>
         <size>0x20</size>
         <input_file_ref idref="fl-2"/>
      </object_component>
      <object_component id="oc-7">
         <name>HWI_A_VECS</name>
         <load_address>0x0</load_address>
         <run_address>0x0</run_address>
         <size>0x0</size>
      </object_component>
      <object_component id="oc-4a">
         <name>.hwi_vec</name>
         <load_address>0x0</load_address>
         <run_address>0x0</run_address>
         <size>0x200</size>
         <input_file_ref idref="fl-2"/>
      </object_component>
      <object_component id="oc-4b">
         <name>.swi</name>
         <uninitialized>true</uninitialized>
         <run_address>0xb1fc</run_address>
         <size>0xdc</size>
         <input_file_ref idref="fl-2"/>
      </object_component>
      <object_component id="oc-4c">
         <name>.tsk</name>
         <uninitialized>true</uninitialized>
         <run_address>0xb2d8</run_address>
         <size>0x60</size>
         <input_file_ref idref="fl-2"/>
      </object_component>
      <object_component id="oc-52">
         <name>.idl</name>
         <uninitialized>true</uninitialized>
         <run_address>0x9ecc</run_address>
         <size>0x4</size>
         <input_file_ref idref="fl-2"/>
      </object_component>
      <object_component id="oc-51">
         <name>.idlcal</name>
         <uninitialized>true</uninitialized>
         <run_address>0xb358</run_address>
         <size>0x4</size>
         <input_file_ref idref="fl-2"/>
      </object_component>
      <object_component id="oc-63">
         <name>.bss</name>
         <uninitialized>true</uninitialized>
         <run_address>0xab80</run_address>
         <size>0xcc</size>
         <input_file_ref idref="fl-89"/>
      </object_component>
      <object_component id="oc-65">
         <name>.bss</name>
         <uninitialized>true</uninitialized>
         <run_address>0xaa80</run_address>
         <size>0x100</size>
         <input_file_ref idref="fl-8a"/>
      </object_component>
      <object_component id="oc-69">
         <name>.bss</name>
         <uninitialized>true</uninitialized>
         <run_address>0xac4c</run_address>
         <size>0x9c</size>
         <input_file_ref idref="fl-8b"/>
      </object_component>
      <object_component id="oc-97">
         <name>.bss</name>
         <uninitialized>true</uninitialized>
         <run_address>0xad30</run_address>
         <size>0x18</size>
         <input_file_ref idref="fl-97"/>
      </object_component>
      <object_component id="oc-ae">
         <name>.bss</name>
         <uninitialized>true</uninitialized>
         <run_address>0xad54</run_address>
         <size>0x8</size>
         <input_file_ref idref="fl-9d"/>
      </object_component>
      <object_component id="oc-b1">
         <name>.bss</name>
         <uninitialized>true</uninitialized>
         <run_address>0xad64</run_address>
         <size>0x4</size>
         <input_file_ref idref="fl-9e"/>
      </object_component>
      <object_component id="oc-f9">
         <name>.bss</name>
         <uninitialized>true</uninitialized>
         <run_address>0xace8</run_address>
         <size>0x48</size>
         <input_file_ref idref="fl-ad"/>
      </object_component>
      <object_component id="oc-126">
         <name>.bss</name>
         <uninitialized>true</uninitialized>
         <run_address>0xad48</run_address>
         <size>0xc</size>
         <input_file_ref idref="fl-b7"/>
      </object_component>
      <object_component id="oc-134">
         <name>.bss</name>
         <uninitialized>true</uninitialized>
         <run_address>0xad5c</run_address>
         <size>0x8</size>
         <input_file_ref idref="fl-ba"/>
      </object_component>
      <object_component id="oc-161">
         <name>.bss</name>
         <uninitialized>true</uninitialized>
         <run_address>0xad68</run_address>
         <size>0x4</size>
         <input_file_ref idref="fl-c4"/>
      </object_component>
      <object_component id="oc-5b">
         <name>.far</name>
         <uninitialized>true</uninitialized>
         <run_address>0x9780</run_address>
         <size>0x310</size>
         <input_file_ref idref="fl-4"/>
      </object_component>
      <object_component id="oc-76">
         <name>.far</name>
         <uninitialized>true</uninitialized>
         <run_address>0x9e9c</run_address>
         <size>0x10</size>
         <input_file_ref idref="fl-8e"/>
      </object_component>
      <object_component id="oc-83">
         <name>.far</name>
         <uninitialized>true</uninitialized>
         <run_address>0x9eac</run_address>
         <size>0xc</size>
         <input_file_ref idref="fl-91"/>
      </object_component>
      <object_component id="oc-bd">
         <name>.far</name>
         <uninitialized>true</uninitialized>
         <run_address>0x9de8</run_address>
         <size>0x28</size>
         <input_file_ref idref="fl-a1"/>
      </object_component>
      <object_component id="oc-c2">
         <name>.far</name>
         <uninitialized>true</uninitialized>
         <run_address>0x9eb8</run_address>
         <size>0x8</size>
         <input_file_ref idref="fl-a2"/>
      </object_component>
      <object_component id="oc-c9">
         <name>.far</name>
         <uninitialized>true</uninitialized>
         <run_address>0x9e10</run_address>
         <size>0x28</size>
         <input_file_ref idref="fl-a3"/>
      </object_component>
      <object_component id="oc-cf">
         <name>.far</name>
         <uninitialized>true</uninitialized>
         <run_address>0x9e7c</run_address>
         <size>0x20</size>
         <input_file_ref idref="fl-a4"/>
      </object_component>
      <object_component id="oc-d8">
         <name>.far</name>
         <uninitialized>true</uninitialized>
         <run_address>0x9eca</run_address>
         <size>0x2</size>
         <input_file_ref idref="fl-a6"/>
      </object_component>
      <object_component id="oc-dd">
         <name>.far</name>
         <uninitialized>true</uninitialized>
         <run_address>0x9ec8</run_address>
         <size>0x2</size>
         <input_file_ref idref="fl-a7"/>
      </object_component>
      <object_component id="oc-e3">
         <name>.far</name>
         <uninitialized>true</uninitialized>
         <run_address>0x9d0c</run_address>
         <size>0x54</size>
         <input_file_ref idref="fl-a8"/>
      </object_component>
      <object_component id="oc-f5">
         <name>.far</name>
         <uninitialized>true</uninitialized>
         <run_address>0x9a90</run_address>
         <size>0xf4</size>
         <input_file_ref idref="fl-ac"/>
      </object_component>
      <object_component id="oc-fc">
         <name>.far</name>
         <uninitialized>true</uninitialized>
         <run_address>0x9b84</run_address>
         <size>0xd8</size>
         <input_file_ref idref="fl-ad"/>
      </object_component>
      <object_component id="oc-113">
         <name>.far</name>
         <uninitialized>true</uninitialized>
         <run_address>0x9db0</run_address>
         <size>0x38</size>
         <input_file_ref idref="fl-b3"/>
      </object_component>
      <object_component id="oc-119">
         <name>.far</name>
         <uninitialized>true</uninitialized>
         <run_address>0x9cb8</run_address>
         <size>0x54</size>
         <input_file_ref idref="fl-b4"/>
      </object_component>
      <object_component id="oc-122">
         <name>.far</name>
         <uninitialized>true</uninitialized>
         <run_address>0x9e38</run_address>
         <size>0x24</size>
         <input_file_ref idref="fl-b6"/>
      </object_component>
      <object_component id="oc-129">
         <name>.far</name>
         <uninitialized>true</uninitialized>
         <run_address>0x9c5c</run_address>
         <size>0x5c</size>
         <input_file_ref idref="fl-b7"/>
      </object_component>
      <object_component id="oc-137">
         <name>.far</name>
         <uninitialized>true</uninitialized>
         <run_address>0x9e5c</run_address>
         <size>0x20</size>
         <input_file_ref idref="fl-ba"/>
      </object_component>
      <object_component id="oc-144">
         <name>.far</name>
         <uninitialized>true</uninitialized>
         <run_address>0x9d60</run_address>
         <size>0x50</size>
         <input_file_ref idref="fl-bd"/>
      </object_component>
      <object_component id="oc-171">
         <name>.far</name>
         <uninitialized>true</uninitialized>
         <run_address>0x9ec0</run_address>
         <size>0x8</size>
         <input_file_ref idref="fl-c7"/>
      </object_component>
      <object_component id="oc-5c">
         <name>.sysdata</name>
         <uninitialized>true</uninitialized>
         <run_address>0x8b80</run_address>
         <size>0xc00</size>
         <input_file_ref idref="fl-4"/>
      </object_component>
      <object_component id="oc-164">
         <name>.bios</name>
         <load_address>0x45e0</load_address>
         <run_address>0x45e0</run_address>
         <size>0x5e0</size>
         <input_file_ref idref="fl-c4"/>
      </object_component>
      <object_component id="oc-3b">
         <name>.bios</name>
         <load_address>0x4bc0</load_address>
         <run_address>0x4bc0</run_address>
         <size>0x540</size>
         <input_file_ref idref="fl-8b"/>
      </object_component>
      <object_component id="oc-3c">
         <name>.bios</name>
         <load_address>0x5100</load_address>
         <run_address>0x5100</run_address>
         <size>0x460</size>
         <input_file_ref idref="fl-8a"/>
      </object_component>
      <object_component id="oc-a6">
         <name>.bios</name>
         <load_address>0x5560</load_address>
         <run_address>0x5560</run_address>
         <size>0x3a0</size>
         <input_file_ref idref="fl-9b"/>
      </object_component>
      <object_component id="oc-10f">
         <name>.bios</name>
         <load_address>0x5900</load_address>
         <run_address>0x5900</run_address>
         <size>0x2c0</size>
         <input_file_ref idref="fl-b2"/>
      </object_component>
      <object_component id="oc-152">
         <name>.bios</name>
         <load_address>0x5bc0</load_address>
         <run_address>0x5bc0</run_address>
         <size>0x2c0</size>
         <input_file_ref idref="fl-c0"/>
      </object_component>
      <object_component id="oc-3f">
         <name>.bios</name>
         <load_address>0x5e80</load_address>
         <run_address>0x5e80</run_address>
         <size>0x260</size>
         <input_file_ref idref="fl-8e"/>
      </object_component>
      <object_component id="oc-168">
         <name>.bios</name>
         <load_address>0x60e0</load_address>
         <run_address>0x60e0</run_address>
         <size>0x220</size>
         <input_file_ref idref="fl-c5"/>
      </object_component>
      <object_component id="oc-13e">
         <name>.bios</name>
         <load_address>0x6300</load_address>
         <run_address>0x6300</run_address>
         <size>0x200</size>
         <input_file_ref idref="fl-bc"/>
      </object_component>
      <object_component id="oc-9e">
         <name>.bios</name>
         <load_address>0x6500</load_address>
         <run_address>0x6500</run_address>
         <size>0x1c0</size>
         <input_file_ref idref="fl-99"/>
      </object_component>
      <object_component id="oc-89">
         <name>.bios</name>
         <load_address>0x66c0</load_address>
         <run_address>0x66c0</run_address>
         <size>0x1c0</size>
         <input_file_ref idref="fl-93"/>
      </object_component>
      <object_component id="oc-12d">
         <name>.bios</name>
         <load_address>0x6880</load_address>
         <run_address>0x6880</run_address>
         <size>0x1a0</size>
         <input_file_ref idref="fl-b8"/>
      </object_component>
      <object_component id="oc-16c">
         <name>.bios</name>
         <load_address>0x6a20</load_address>
         <run_address>0x6a20</run_address>
         <size>0x180</size>
         <input_file_ref idref="fl-c6"/>
      </object_component>
      <object_component id="oc-145">
         <name>.bios</name>
         <load_address>0x6ba0</load_address>
         <run_address>0x6ba0</run_address>
         <size>0x180</size>
         <input_file_ref idref="fl-bd"/>
      </object_component>
      <object_component id="oc-102">
         <name>.bios</name>
         <load_address>0x6d20</load_address>
         <run_address>0x6d20</run_address>
         <size>0x140</size>
         <input_file_ref idref="fl-af"/>
      </object_component>
      <object_component id="oc-e8">
         <name>.bios</name>
         <load_address>0x6e60</load_address>
         <run_address>0x6e60</run_address>
         <size>0xe0</size>
         <input_file_ref idref="fl-a9"/>
      </object_component>
      <object_component id="oc-ff">
         <name>.bios</name>
         <load_address>0x6f40</load_address>
         <run_address>0x6f40</run_address>
         <size>0xe0</size>
         <input_file_ref idref="fl-ae"/>
      </object_component>
      <object_component id="oc-15a">
         <name>.bios</name>
         <load_address>0x7020</load_address>
         <run_address>0x7020</run_address>
         <size>0xe0</size>
         <input_file_ref idref="fl-c2"/>
      </object_component>
      <object_component id="oc-155">
         <name>.bios</name>
         <load_address>0x7100</load_address>
         <run_address>0x7100</run_address>
         <size>0xe0</size>
         <input_file_ref idref="fl-c1"/>
      </object_component>
      <object_component id="oc-10b">
         <name>.bios</name>
         <load_address>0x71e0</load_address>
         <run_address>0x71e0</run_address>
         <size>0xc0</size>
         <input_file_ref idref="fl-b1"/>
      </object_component>
      <object_component id="oc-107">
         <name>.bios</name>
         <load_address>0x72a0</load_address>
         <run_address>0x72a0</run_address>
         <size>0xc0</size>
         <input_file_ref idref="fl-b0"/>
      </object_component>
      <object_component id="oc-14a">
         <name>.bios</name>
         <load_address>0x7360</load_address>
         <run_address>0x7360</run_address>
         <size>0xc0</size>
         <input_file_ref idref="fl-be"/>
      </object_component>
      <object_component id="oc-131">
         <name>.bios</name>
         <load_address>0x7420</load_address>
         <run_address>0x7420</run_address>
         <size>0xc0</size>
         <input_file_ref idref="fl-b9"/>
      </object_component>
      <object_component id="oc-3d">
         <name>.bios</name>
         <load_address>0x74e0</load_address>
         <run_address>0x74e0</run_address>
         <size>0xc0</size>
         <input_file_ref idref="fl-88"/>
      </object_component>
      <object_component id="oc-8d">
         <name>.bios</name>
         <load_address>0x75a0</load_address>
         <run_address>0x75a0</run_address>
         <size>0x80</size>
         <input_file_ref idref="fl-94"/>
      </object_component>
      <object_component id="oc-a2">
         <name>.bios</name>
         <load_address>0x7620</load_address>
         <run_address>0x7620</run_address>
         <size>0x80</size>
         <input_file_ref idref="fl-9a"/>
      </object_component>
      <object_component id="oc-aa">
         <name>.bios</name>
         <load_address>0x76a0</load_address>
         <run_address>0x76a0</run_address>
         <size>0x80</size>
         <input_file_ref idref="fl-9c"/>
      </object_component>
      <object_component id="oc-ef">
         <name>.bios</name>
         <load_address>0x7720</load_address>
         <run_address>0x7720</run_address>
         <size>0x60</size>
         <input_file_ref idref="fl-ab"/>
      </object_component>
      <object_component id="oc-14d">
         <name>.bios</name>
         <load_address>0x7780</load_address>
         <run_address>0x7780</run_address>
         <size>0x60</size>
         <input_file_ref idref="fl-bf"/>
      </object_component>
      <object_component id="oc-15e">
         <name>.bios</name>
         <load_address>0x77e0</load_address>
         <run_address>0x77e0</run_address>
         <size>0x60</size>
         <input_file_ref idref="fl-c3"/>
      </object_component>
      <object_component id="oc-3e">
         <name>.bios</name>
         <load_address>0x7840</load_address>
         <run_address>0x7840</run_address>
         <size>0x60</size>
         <input_file_ref idref="fl-91"/>
      </object_component>
      <object_component id="oc-b4">
         <name>.bios</name>
         <load_address>0x78a0</load_address>
         <run_address>0x78a0</run_address>
         <size>0x60</size>
         <input_file_ref idref="fl-9f"/>
      </object_component>
      <object_component id="oc-38">
         <name>.bios</name>
         <load_address>0x7900</load_address>
         <run_address>0x7900</run_address>
         <size>0x40</size>
         <input_file_ref idref="fl-8f"/>
      </object_component>
      <object_component id="oc-b8">
         <name>.bios</name>
         <load_address>0x7940</load_address>
         <run_address>0x7940</run_address>
         <size>0x40</size>
         <input_file_ref idref="fl-a0"/>
      </object_component>
      <object_component id="oc-42">
         <name>.bios</name>
         <load_address>0x7980</load_address>
         <run_address>0x7980</run_address>
         <size>0x20</size>
         <input_file_ref idref="fl-8c"/>
      </object_component>
      <object_component id="oc-eb">
         <name>.bios</name>
         <load_address>0x79a0</load_address>
         <run_address>0x79a0</run_address>
         <size>0x20</size>
         <input_file_ref idref="fl-aa"/>
      </object_component>
      <object_component id="oc-99">
         <name>.bios</name>
         <load_address>0x79c0</load_address>
         <run_address>0x79c0</run_address>
         <size>0x20</size>
         <input_file_ref idref="fl-98"/>
      </object_component>
      <object_component id="oc-11d">
         <name>.bios</name>
         <load_address>0x79e0</load_address>
         <run_address>0x79e0</run_address>
         <size>0x20</size>
         <input_file_ref idref="fl-b5"/>
      </object_component>
      <object_component id="oc-41">
         <name>.bios</name>
         <load_address>0x7a00</load_address>
         <run_address>0x7a00</run_address>
         <size>0x20</size>
         <input_file_ref idref="fl-90"/>
      </object_component>
      <object_component id="oc-40">
         <name>.bios</name>
         <load_address>0x7a20</load_address>
         <run_address>0x7a20</run_address>
         <size>0x20</size>
         <input_file_ref idref="fl-92"/>
      </object_component>
      <object_component id="oc-45">
         <name>.sys</name>
         <uninitialized>true</uninitialized>
         <run_address>0xa6d0</run_address>
         <size>0x10</size>
         <input_file_ref idref="fl-2"/>
      </object_component>
      <object_component id="oc-17a">
         <name>.text</name>
         <load_address>0x200</load_address>
         <run_address>0x200</run_address>
         <size>0x1b00</size>
         <input_file_ref idref="fl-4"/>
      </object_component>
      <object_component id="oc-dc">
         <name>.text</name>
         <load_address>0x1d00</load_address>
         <run_address>0x1d00</run_address>
         <size>0x480</size>
         <input_file_ref idref="fl-a7"/>
      </object_component>
      <object_component id="oc-c1">
         <name>.text</name>
         <load_address>0x2180</load_address>
         <run_address>0x2180</run_address>
         <size>0x300</size>
         <input_file_ref idref="fl-a2"/>
      </object_component>
      <object_component id="oc-188">
         <name>.text:_EDMA_open</name>
         <load_address>0x2480</load_address>
         <run_address>0x2480</run_address>
         <size>0x280</size>
         <input_file_ref idref="fl-a8"/>
      </object_component>
      <object_component id="oc-180">
         <name>.text:_memcpy</name>
         <load_address>0x2700</load_address>
         <run_address>0x2700</run_address>
         <size>0x240</size>
         <input_file_ref idref="fl-c9"/>
      </object_component>
      <object_component id="oc-183">
         <name>.text:__CSL_init</name>
         <load_address>0x2940</load_address>
         <run_address>0x2940</run_address>
         <size>0x220</size>
         <input_file_ref idref="fl-a1"/>
      </object_component>
      <object_component id="oc-d7">
         <name>.text</name>
         <load_address>0x2b60</load_address>
         <run_address>0x2b60</run_address>
         <size>0x1e0</size>
         <input_file_ref idref="fl-a6"/>
      </object_component>
      <object_component id="oc-18e">
         <name>.text:_IRQ_map</name>
         <load_address>0x2d40</load_address>
         <run_address>0x2d40</run_address>
         <size>0x1c0</size>
         <input_file_ref idref="fl-ac"/>
      </object_component>
      <object_component id="oc-19a">
         <name>.text:_mux2Tables</name>
         <load_address>0x2f00</load_address>
         <run_address>0x2f00</run_address>
         <size>0x1c0</size>
         <input_file_ref idref="fl-ac"/>
      </object_component>
      <object_component id="oc-189">
         <name>.text:_EDMA_allocTable</name>
         <load_address>0x30c0</load_address>
         <run_address>0x30c0</run_address>
         <size>0x1a0</size>
         <input_file_ref idref="fl-a8"/>
      </object_component>
      <object_component id="oc-194">
         <name>.text:_MCBSP_reset</name>
         <load_address>0x3260</load_address>
         <run_address>0x3260</run_address>
         <size>0x1a0</size>
         <input_file_ref idref="fl-b3"/>
      </object_component>
      <object_component id="oc-39">
         <name>.text</name>
         <load_address>0x3400</load_address>
         <run_address>0x3400</run_address>
         <size>0x180</size>
         <input_file_ref idref="fl-8d"/>
      </object_component>
      <object_component id="oc-197">
         <name>.text:_EDMA_reset</name>
         <load_address>0x3580</load_address>
         <run_address>0x3580</run_address>
         <size>0x140</size>
         <input_file_ref idref="fl-a8"/>
      </object_component>
      <object_component id="oc-196">
         <name>.text:_TIMER_open</name>
         <load_address>0x36c0</load_address>
         <run_address>0x36c0</run_address>
         <size>0x140</size>
         <input_file_ref idref="fl-b6"/>
      </object_component>
      <object_component id="oc-c7">
         <name>.text</name>
         <load_address>0x3800</load_address>
         <run_address>0x3800</run_address>
         <size>0x140</size>
         <input_file_ref idref="fl-a3"/>
      </object_component>
      <object_component id="oc-19b">
         <name>.text:_TIMER_reset</name>
         <load_address>0x3940</load_address>
         <run_address>0x3940</run_address>
         <size>0x120</size>
         <input_file_ref idref="fl-b6"/>
      </object_component>
      <object_component id="oc-17c">
         <name>.text:_MCBSP_open</name>
         <load_address>0x3a60</load_address>
         <run_address>0x3a60</run_address>
         <size>0x100</size>
         <input_file_ref idref="fl-b3"/>
      </object_component>
      <object_component id="oc-17d">
         <name>.text:_MCBSP_start</name>
         <load_address>0x3b60</load_address>
         <run_address>0x3b60</run_address>
         <size>0x100</size>
         <input_file_ref idref="fl-b3"/>
      </object_component>
      <object_component id="oc-18a">
         <name>.text:_EDMA_config</name>
         <load_address>0x3c60</load_address>
         <run_address>0x3c60</run_address>
         <size>0xe0</size>
         <input_file_ref idref="fl-a8"/>
      </object_component>
      <object_component id="oc-17b">
         <name>.text:__strasg</name>
         <load_address>0x3d40</load_address>
         <run_address>0x3d40</run_address>
         <size>0xe0</size>
         <input_file_ref idref="fl-c8"/>
      </object_component>
      <object_component id="oc-187">
         <name>.text:_EDMA_clearPram</name>
         <load_address>0x3e20</load_address>
         <run_address>0x3e20</run_address>
         <size>0xc0</size>
         <input_file_ref idref="fl-a8"/>
      </object_component>
      <object_component id="oc-141">
         <name>.text</name>
         <load_address>0x3ee0</load_address>
         <run_address>0x3ee0</run_address>
         <size>0xc0</size>
         <input_file_ref idref="fl-bd"/>
      </object_component>
      <object_component id="oc-cd">
         <name>.text</name>
         <load_address>0x3fa0</load_address>
         <run_address>0x3fa0</run_address>
         <size>0xc0</size>
         <input_file_ref idref="fl-a4"/>
      </object_component>
      <object_component id="oc-195">
         <name>.text:__IRQ_init</name>
         <load_address>0x4060</load_address>
         <run_address>0x4060</run_address>
         <size>0xa0</size>
         <input_file_ref idref="fl-ac"/>
      </object_component>
      <object_component id="oc-199">
         <name>.text:_setMux</name>
         <load_address>0x4100</load_address>
         <run_address>0x4100</run_address>
         <size>0xa0</size>
         <input_file_ref idref="fl-ac"/>
      </object_component>
      <object_component id="oc-d3">
         <name>.text</name>
         <load_address>0x41a0</load_address>
         <run_address>0x41a0</run_address>
         <size>0x80</size>
         <input_file_ref idref="fl-a5"/>
      </object_component>
      <object_component id="oc-19c">
         <name>.text:_EDMA_disableChannel</name>
         <load_address>0x4220</load_address>
         <run_address>0x4220</run_address>
         <size>0x60</size>
         <input_file_ref idref="fl-a8"/>
      </object_component>
      <object_component id="oc-18d">
         <name>.text:_EDMA_enableChannel</name>
         <load_address>0x4280</load_address>
         <run_address>0x4280</run_address>
         <size>0x60</size>
         <input_file_ref idref="fl-a8"/>
      </object_component>
      <object_component id="oc-18b">
         <name>.text:_EDMA_intDisable</name>
         <load_address>0x42e0</load_address>
         <run_address>0x42e0</run_address>
         <size>0x60</size>
         <input_file_ref idref="fl-a8"/>
      </object_component>
      <object_component id="oc-18c">
         <name>.text:_EDMA_intEnable</name>
         <load_address>0x4340</load_address>
         <run_address>0x4340</run_address>
         <size>0x60</size>
         <input_file_ref idref="fl-a8"/>
      </object_component>
      <object_component id="oc-198">
         <name>.text:_EDMA_qdmaConfig</name>
         <load_address>0x43a0</load_address>
         <run_address>0x43a0</run_address>
         <size>0x60</size>
         <input_file_ref idref="fl-a8"/>
      </object_component>
      <object_component id="oc-190">
         <name>.text:_IRQ_enable</name>
         <load_address>0x4400</load_address>
         <run_address>0x4400</run_address>
         <size>0x40</size>
         <input_file_ref idref="fl-ac"/>
      </object_component>
      <object_component id="oc-18f">
         <name>.text:_IRQ_reset</name>
         <load_address>0x4440</load_address>
         <run_address>0x4440</run_address>
         <size>0x40</size>
         <input_file_ref idref="fl-ac"/>
      </object_component>
      <object_component id="oc-182">
         <name>.text:_CSL6713_LIB_</name>
         <load_address>0x4480</load_address>
         <run_address>0x4480</run_address>
         <size>0x20</size>
         <input_file_ref idref="fl-a1"/>
      </object_component>
      <object_component id="oc-185">
         <name>.text:_EDMA_intClear</name>
         <load_address>0x44a0</load_address>
         <run_address>0x44a0</run_address>
         <size>0x20</size>
         <input_file_ref idref="fl-a8"/>
      </object_component>
      <object_component id="oc-184">
         <name>.text:_EDMA_intTest</name>
         <load_address>0x44c0</load_address>
         <run_address>0x44c0</run_address>
         <size>0x20</size>
         <input_file_ref idref="fl-a8"/>
      </object_component>
      <object_component id="oc-186">
         <name>.text:_IRQ_globalDisable</name>
         <load_address>0x44e0</load_address>
         <run_address>0x44e0</run_address>
         <size>0x20</size>
         <input_file_ref idref="fl-ac"/>
      </object_component>
      <object_component id="oc-191">
         <name>.text:_IRQ_globalEnable</name>
         <load_address>0x4500</load_address>
         <run_address>0x4500</run_address>
         <size>0x20</size>
         <input_file_ref idref="fl-ac"/>
      </object_component>
      <object_component id="oc-192">
         <name>.text:_IRQ_nmiEnable</name>
         <load_address>0x4520</load_address>
         <run_address>0x4520</run_address>
         <size>0x20</size>
         <input_file_ref idref="fl-ac"/>
      </object_component>
      <object_component id="oc-193">
         <name>.text:_MCBSP_write</name>
         <load_address>0x4540</load_address>
         <run_address>0x4540</run_address>
         <size>0x20</size>
         <input_file_ref idref="fl-b3"/>
      </object_component>
      <object_component id="oc-181">
         <name>.text:__nop</name>
         <load_address>0x4560</load_address>
         <run_address>0x4560</run_address>
         <size>0x20</size>
         <input_file_ref idref="fl-c7"/>
      </object_component>
      <object_component id="oc-17e">
         <name>.text:__register_lock</name>
         <load_address>0x4580</load_address>
         <run_address>0x4580</run_address>
         <size>0x20</size>
         <input_file_ref idref="fl-c7"/>
      </object_component>
      <object_component id="oc-17f">
         <name>.text:__register_unlock</name>
         <load_address>0x45a0</load_address>
         <run_address>0x45a0</run_address>
         <size>0x20</size>
         <input_file_ref idref="fl-c7"/>
      </object_component>
      <object_component id="oc-f3">
         <name>.text</name>
         <load_address>0x45c0</load_address>
         <run_address>0x45c0</run_address>
         <size>0x20</size>
         <input_file_ref idref="fl-ac"/>
      </object_component>
      <object_component id="oc-44">
         <name>.cinit</name>
         <load_address>0x7a40</load_address>
         <run_address>0x7a40</run_address>
         <size>0x474</size>
         <input_file_ref idref="fl-2"/>
      </object_component>
      <object_component id="oc-5a">
         <name>.cinit</name>
         <load_address>0x7eb8</load_address>
         <run_address>0x7eb8</run_address>
         <size>0x309</size>
         <input_file_ref idref="fl-4"/>
      </object_component>
      <object_component id="oc-64">
         <name>.cinit</name>
         <load_address>0x81c8</load_address>
         <run_address>0x81c8</run_address>
         <size>0x26c</size>
         <input_file_ref idref="fl-89"/>
      </object_component>
      <object_component id="oc-fb">
         <name>.cinit</name>
         <load_address>0x8438</load_address>
         <run_address>0x8438</run_address>
         <size>0x1a4</size>
         <input_file_ref idref="fl-ad"/>
      </object_component>
      <object_component id="oc-f4">
         <name>.cinit</name>
         <load_address>0x85e0</load_address>
         <run_address>0x85e0</run_address>
         <size>0x12c</size>
         <input_file_ref idref="fl-ac"/>
      </object_component>
      <object_component id="oc-6a">
         <name>.cinit</name>
         <load_address>0x8710</load_address>
         <run_address>0x8710</run_address>
         <size>0xb0</size>
         <input_file_ref idref="fl-8b"/>
      </object_component>
      <object_component id="oc-128">
         <name>.cinit</name>
         <load_address>0x87c0</load_address>
         <run_address>0x87c0</run_address>
         <size>0x80</size>
         <input_file_ref idref="fl-b7"/>
      </object_component>
      <object_component id="oc-e2">
         <name>.cinit</name>
         <load_address>0x8840</load_address>
         <run_address>0x8840</run_address>
         <size>0x70</size>
         <input_file_ref idref="fl-a8"/>
      </object_component>
      <object_component id="oc-143">
         <name>.cinit</name>
         <load_address>0x88b0</load_address>
         <run_address>0x88b0</run_address>
         <size>0x60</size>
         <input_file_ref idref="fl-bd"/>
      </object_component>
      <object_component id="oc-112">
         <name>.cinit</name>
         <load_address>0x8910</load_address>
         <run_address>0x8910</run_address>
         <size>0x54</size>
         <input_file_ref idref="fl-b3"/>
      </object_component>
      <object_component id="oc-121">
         <name>.cinit</name>
         <load_address>0x8968</load_address>
         <run_address>0x8968</run_address>
         <size>0x4c</size>
         <input_file_ref idref="fl-b6"/>
      </object_component>
      <object_component id="oc-bc">
         <name>.cinit</name>
         <load_address>0x89b8</load_address>
         <run_address>0x89b8</run_address>
         <size>0x3c</size>
         <input_file_ref idref="fl-a1"/>
      </object_component>
      <object_component id="oc-98">
         <name>.cinit</name>
         <load_address>0x89f8</load_address>
         <run_address>0x89f8</run_address>
         <size>0x34</size>
         <input_file_ref idref="fl-97"/>
      </object_component>
      <object_component id="oc-c8">
         <name>.cinit</name>
         <load_address>0x8a30</load_address>
         <run_address>0x8a30</run_address>
         <size>0x30</size>
         <input_file_ref idref="fl-a3"/>
      </object_component>
      <object_component id="oc-82">
         <name>.cinit</name>
         <load_address>0x8a60</load_address>
         <run_address>0x8a60</run_address>
         <size>0x2c</size>
         <input_file_ref idref="fl-91"/>
      </object_component>
      <object_component id="oc-ce">
         <name>.cinit</name>
         <load_address>0x8a90</load_address>
         <run_address>0x8a90</run_address>
         <size>0x28</size>
         <input_file_ref idref="fl-a4"/>
      </object_component>
      <object_component id="oc-118">
         <name>.cinit</name>
         <load_address>0x8ab8</load_address>
         <run_address>0x8ab8</run_address>
         <size>0x24</size>
         <input_file_ref idref="fl-b4"/>
      </object_component>
      <object_component id="oc-136">
         <name>.cinit</name>
         <load_address>0x8ae0</load_address>
         <run_address>0x8ae0</run_address>
         <size>0x1c</size>
         <input_file_ref idref="fl-ba"/>
      </object_component>
      <object_component id="oc-170">
         <name>.cinit</name>
         <load_address>0x8b00</load_address>
         <run_address>0x8b00</run_address>
         <size>0x1c</size>
         <input_file_ref idref="fl-c7"/>
      </object_component>
      <object_component id="oc-75">
         <name>.cinit</name>
         <load_address>0x8b20</load_address>
         <run_address>0x8b20</run_address>
         <size>0x18</size>
         <input_file_ref idref="fl-8e"/>
      </object_component>
      <object_component id="oc-163">
         <name>.cinit</name>
         <load_address>0x8b38</load_address>
         <run_address>0x8b38</run_address>
         <size>0xc</size>
         <input_file_ref idref="fl-c4"/>
      </object_component>
      <object_component id="oc-9d">
         <name>.cinit</name>
         <load_address>0x8b48</load_address>
         <run_address>0x8b48</run_address>
         <size>0xc</size>
         <input_file_ref idref="fl-99"/>
      </object_component>
      <object_component id="oc-43">
         <name>.gblinit</name>
         <load_address>0xafcc</load_address>
         <run_address>0xafcc</run_address>
         <size>0x28</size>
         <input_file_ref idref="fl-2"/>
      </object_component>
      <object_component id="oc-50">
         <name>.sysinit</name>
         <load_address>0xa6e0</load_address>
         <run_address>0xa6e0</run_address>
         <size>0x240</size>
         <input_file_ref idref="fl-2"/>
      </object_component>
      <object_component id="oc-3a">
         <name>.sysinit</name>
         <load_address>0xa920</load_address>
         <run_address>0xa920</run_address>
         <size>0xc0</size>
         <input_file_ref idref="fl-95"/>
      </object_component>
      <object_component id="oc-13a">
         <name>.sysinit</name>
         <load_address>0xa9e0</load_address>
         <run_address>0xa9e0</run_address>
         <size>0x80</size>
         <input_file_ref idref="fl-bb"/>
      </object_component>
      <object_component id="oc-11a">
         <name>.sysinit</name>
         <load_address>0xaa60</load_address>
         <run_address>0xaa60</run_address>
         <size>0x20</size>
         <input_file_ref idref="fl-b4"/>
      </object_component>
      <object_component id="oc-96">
         <name>.trcdata</name>
         <load_address>0xaff4</load_address>
         <run_address>0xaff4</run_address>
         <size>0xc</size>
         <input_file_ref idref="fl-96"/>
      </object_component>
      <object_component id="oc-4d">
         <name>.TSK_idle$stk</name>
         <uninitialized>true</uninitialized>
         <run_address>0x9ed0</run_address>
         <size>0x400</size>
         <input_file_ref idref="fl-2"/>
      </object_component>
      <object_component id="oc-4e">
         <name>.LOG_system$buf</name>
         <uninitialized>true</uninitialized>
         <run_address>0xb000</run_address>
         <size>0x100</size>
         <input_file_ref idref="fl-2"/>
      </object_component>
      <object_component id="oc-146">
         <name>.const</name>
         <load_address>0xb100</load_address>
         <run_address>0xb100</run_address>
         <size>0x4e</size>
         <input_file_ref idref="fl-bd"/>
      </object_component>
      <object_component id="oc-c3">
         <name>.const</name>
         <load_address>0xb150</load_address>
         <run_address>0xb150</run_address>
         <size>0x40</size>
         <input_file_ref idref="fl-a2"/>
      </object_component>
      <object_component id="oc-7a">
         <name>.const</name>
         <load_address>0xb190</load_address>
         <run_address>0xb190</run_address>
         <size>0x23</size>
         <input_file_ref idref="fl-8f"/>
      </object_component>
      <object_component id="oc-7e">
         <name>.const</name>
         <load_address>0xb1b3</load_address>
         <run_address>0xb1b3</run_address>
         <size>0x22</size>
         <input_file_ref idref="fl-90"/>
      </object_component>
      <object_component id="oc-de">
         <name>.const</name>
         <load_address>0xb1d8</load_address>
         <run_address>0xb1d8</run_address>
         <size>0x20</size>
         <input_file_ref idref="fl-a7"/>
      </object_component>
      <object_component id="oc-12a">
         <name>.const</name>
         <load_address>0xb1f8</load_address>
         <run_address>0xb1f8</run_address>
         <size>0x1</size>
         <input_file_ref idref="fl-b7"/>
      </object_component>
      <object_component id="oc-48">
         <name>.printf</name>
         <load_address>0xb1f9</load_address>
         <run_address>0xb1f9</run_address>
         <size>0x9f</size>
         <input_file_ref idref="fl-2"/>
      </object_component>
      <object_component id="oc-92">
         <name>.args</name>
         <load_address>0x8b7c</load_address>
         <run_address>0x8b7c</run_address>
         <size>0x0</size>
         <input_file_ref idref="fl-95"/>
      </object_component>
      <object_component id="oc-2e">
         <name>_SYS_PUTCBEG</name>
         <load_address>0xad6c</load_address>
         <run_address>0xad6c</run_address>
         <size>0x0</size>
      </object_component>
      <object_component id="oc-30">
         <name>_SYS_PUTCEND</name>
         <load_address>0xaf6c</load_address>
         <run_address>0xaf6c</run_address>
         <size>0x0</size>
      </object_component>
      <object_component id="oc-4f">
         <name>.log</name>
         <load_address>0xb338</load_address>
         <run_address>0xb338</run_address>
         <size>0x18</size>
         <input_file_ref idref="fl-2"/>
      </object_component>
      <object_component id="oc-49">
         <name>.sts</name>
         <load_address>0xaf6c</load_address>
         <run_address>0xaf6c</run_address>
         <size>0x60</size>
         <input_file_ref idref="fl-2"/>
      </object_component>
      <object_component id="oc-36">
         <name>GBL_stackbeg</name>
         <uninitialized>true</uninitialized>
         <run_address>0xa2d0</run_address>
         <size>0x0</size>
      </object_component>
      <object_component id="oc-93">
         <name>.stack</name>
         <uninitialized>true</uninitialized>
         <run_address>0xa2d0</run_address>
         <size>0x0</size>
         <input_file_ref idref="fl-95"/>
      </object_component>
      <object_component id="oc-1cd">
         <name>.stack</name>
         <uninitialized>true</uninitialized>
         <run_address>0xa2d0</run_address>
         <size>0x0</size>
      </object_component>
      <object_component id="oc-54">
         <name>.debug_info</name>
         <load_address>0x0</load_address>
         <run_address>0x0</run_address>
         <size>0x3b9</size>
         <input_file_ref idref="fl-2"/>
      </object_component>
      <object_component id="oc-57">
         <name>.debug_info</name>
         <load_address>0x3b9</load_address>
         <run_address>0x3b9</run_address>
         <size>0x5eb</size>
         <input_file_ref idref="fl-3"/>
      </object_component>
      <object_component id="oc-59">
         <name>.debug_info</name>
         <load_address>0x9a4</load_address>
         <run_address>0x9a4</run_address>
         <size>0x27b2</size>
         <input_file_ref idref="fl-4"/>
      </object_component>
      <object_component id="oc-60">
         <name>.debug_info</name>
         <load_address>0x3156</load_address>
         <run_address>0x3156</run_address>
         <size>0xf8</size>
         <input_file_ref idref="fl-88"/>
      </object_component>
      <object_component id="oc-66">
         <name>.debug_info</name>
         <load_address>0x324e</load_address>
         <run_address>0x324e</run_address>
         <size>0xb9</size>
         <input_file_ref idref="fl-8a"/>
      </object_component>
      <object_component id="oc-6b">
         <name>.debug_info</name>
         <load_address>0x3307</load_address>
         <run_address>0x3307</run_address>
         <size>0x13c</size>
         <input_file_ref idref="fl-8b"/>
      </object_component>
      <object_component id="oc-6e">
         <name>.debug_info</name>
         <load_address>0x3443</load_address>
         <run_address>0x3443</run_address>
         <size>0x607</size>
         <input_file_ref idref="fl-8c"/>
      </object_component>
      <object_component id="oc-71">
         <name>.debug_info</name>
         <load_address>0x3a4a</load_address>
         <run_address>0x3a4a</run_address>
         <size>0x6f0</size>
         <input_file_ref idref="fl-8d"/>
      </object_component>
      <object_component id="oc-74">
         <name>.debug_info</name>
         <load_address>0x413a</load_address>
         <run_address>0x413a</run_address>
         <size>0xf1f</size>
         <input_file_ref idref="fl-8e"/>
      </object_component>
      <object_component id="oc-79">
         <name>.debug_info</name>
         <load_address>0x5059</load_address>
         <run_address>0x5059</run_address>
         <size>0x7fd</size>
         <input_file_ref idref="fl-8f"/>
      </object_component>
      <object_component id="oc-7d">
         <name>.debug_info</name>
         <load_address>0x5856</load_address>
         <run_address>0x5856</run_address>
         <size>0x7ea</size>
         <input_file_ref idref="fl-90"/>
      </object_component>
      <object_component id="oc-81">
         <name>.debug_info</name>
         <load_address>0x6040</load_address>
         <run_address>0x6040</run_address>
         <size>0x6d9</size>
         <input_file_ref idref="fl-91"/>
      </object_component>
      <object_component id="oc-86">
         <name>.debug_info</name>
         <load_address>0x6719</load_address>
         <run_address>0x6719</run_address>
         <size>0x690</size>
         <input_file_ref idref="fl-92"/>
      </object_component>
      <object_component id="oc-8a">
         <name>.debug_info</name>
         <load_address>0x6da9</load_address>
         <run_address>0x6da9</run_address>
         <size>0x112</size>
         <input_file_ref idref="fl-93"/>
      </object_component>
      <object_component id="oc-8e">
         <name>.debug_info</name>
         <load_address>0x6ebb</load_address>
         <run_address>0x6ebb</run_address>
         <size>0x106</size>
         <input_file_ref idref="fl-94"/>
      </object_component>
      <object_component id="oc-91">
         <name>.debug_info</name>
         <load_address>0x6fc1</load_address>
         <run_address>0x6fc1</run_address>
         <size>0x65a</size>
         <input_file_ref idref="fl-95"/>
      </object_component>
      <object_component id="oc-9a">
         <name>.debug_info</name>
         <load_address>0x761b</load_address>
         <run_address>0x761b</run_address>
         <size>0xaa</size>
         <input_file_ref idref="fl-98"/>
      </object_component>
      <object_component id="oc-9f">
         <name>.debug_info</name>
         <load_address>0x76c5</load_address>
         <run_address>0x76c5</run_address>
         <size>0x11b</size>
         <input_file_ref idref="fl-99"/>
      </object_component>
      <object_component id="oc-a3">
         <name>.debug_info</name>
         <load_address>0x77e0</load_address>
         <run_address>0x77e0</run_address>
         <size>0xaa</size>
         <input_file_ref idref="fl-9a"/>
      </object_component>
      <object_component id="oc-a7">
         <name>.debug_info</name>
         <load_address>0x788a</load_address>
         <run_address>0x788a</run_address>
         <size>0xd8</size>
         <input_file_ref idref="fl-9b"/>
      </object_component>
      <object_component id="oc-ab">
         <name>.debug_info</name>
         <load_address>0x7962</load_address>
         <run_address>0x7962</run_address>
         <size>0x106</size>
         <input_file_ref idref="fl-9c"/>
      </object_component>
      <object_component id="oc-af">
         <name>.debug_info</name>
         <load_address>0x7a68</load_address>
         <run_address>0x7a68</run_address>
         <size>0x60b</size>
         <input_file_ref idref="fl-9d"/>
      </object_component>
      <object_component id="oc-b2">
         <name>.debug_info</name>
         <load_address>0x8073</load_address>
         <run_address>0x8073</run_address>
         <size>0x5e5</size>
         <input_file_ref idref="fl-9e"/>
      </object_component>
      <object_component id="oc-b5">
         <name>.debug_info</name>
         <load_address>0x8658</load_address>
         <run_address>0x8658</run_address>
         <size>0xb4</size>
         <input_file_ref idref="fl-9f"/>
      </object_component>
      <object_component id="oc-b9">
         <name>.debug_info</name>
         <load_address>0x870c</load_address>
         <run_address>0x870c</run_address>
         <size>0xb1</size>
         <input_file_ref idref="fl-a0"/>
      </object_component>
      <object_component id="oc-bf">
         <name>.debug_info</name>
         <load_address>0x87bd</load_address>
         <run_address>0x87bd</run_address>
         <size>0xa13</size>
         <input_file_ref idref="fl-a1"/>
      </object_component>
      <object_component id="oc-c5">
         <name>.debug_info</name>
         <load_address>0x91d0</load_address>
         <run_address>0x91d0</run_address>
         <size>0x89f</size>
         <input_file_ref idref="fl-a2"/>
      </object_component>
      <object_component id="oc-cb">
         <name>.debug_info</name>
         <load_address>0x9a6f</load_address>
         <run_address>0x9a6f</run_address>
         <size>0x929</size>
         <input_file_ref idref="fl-a3"/>
      </object_component>
      <object_component id="oc-d1">
         <name>.debug_info</name>
         <load_address>0xa398</load_address>
         <run_address>0xa398</run_address>
         <size>0x5b3</size>
         <input_file_ref idref="fl-a4"/>
      </object_component>
      <object_component id="oc-d5">
         <name>.debug_info</name>
         <load_address>0xa94b</load_address>
         <run_address>0xa94b</run_address>
         <size>0x4c3</size>
         <input_file_ref idref="fl-a5"/>
      </object_component>
      <object_component id="oc-da">
         <name>.debug_info</name>
         <load_address>0xae0e</load_address>
         <run_address>0xae0e</run_address>
         <size>0x60b</size>
         <input_file_ref idref="fl-a6"/>
      </object_component>
      <object_component id="oc-e0">
         <name>.debug_info</name>
         <load_address>0xb419</load_address>
         <run_address>0xb419</run_address>
         <size>0x8a7</size>
         <input_file_ref idref="fl-a7"/>
      </object_component>
      <object_component id="oc-e5">
         <name>.debug_info</name>
         <load_address>0xbcc0</load_address>
         <run_address>0xbcc0</run_address>
         <size>0x1119</size>
         <input_file_ref idref="fl-a8"/>
      </object_component>
      <object_component id="oc-e7">
         <name>.debug_info</name>
         <load_address>0xcdd9</load_address>
         <run_address>0xcdd9</run_address>
         <size>0x7ee</size>
         <input_file_ref idref="fl-a9"/>
      </object_component>
      <object_component id="oc-ec">
         <name>.debug_info</name>
         <load_address>0xd5c7</load_address>
         <run_address>0xd5c7</run_address>
         <size>0xb9</size>
         <input_file_ref idref="fl-aa"/>
      </object_component>
      <object_component id="oc-f0">
         <name>.debug_info</name>
         <load_address>0xd680</load_address>
         <run_address>0xd680</run_address>
         <size>0x116</size>
         <input_file_ref idref="fl-ab"/>
      </object_component>
      <object_component id="oc-f7">
         <name>.debug_info</name>
         <load_address>0xd796</load_address>
         <run_address>0xd796</run_address>
         <size>0xeb1</size>
         <input_file_ref idref="fl-ac"/>
      </object_component>
      <object_component id="oc-fa">
         <name>.debug_info</name>
         <load_address>0xe647</load_address>
         <run_address>0xe647</run_address>
         <size>0xbd9</size>
         <input_file_ref idref="fl-ad"/>
      </object_component>
      <object_component id="oc-fe">
         <name>.debug_info</name>
         <load_address>0xf220</load_address>
         <run_address>0xf220</run_address>
         <size>0xbb1</size>
         <input_file_ref idref="fl-ae"/>
      </object_component>
      <object_component id="oc-103">
         <name>.debug_info</name>
         <load_address>0xfdd1</load_address>
         <run_address>0xfdd1</run_address>
         <size>0x109</size>
         <input_file_ref idref="fl-af"/>
      </object_component>
      <object_component id="oc-106">
         <name>.debug_info</name>
         <load_address>0xfeda</load_address>
         <run_address>0xfeda</run_address>
         <size>0x8c8</size>
         <input_file_ref idref="fl-b0"/>
      </object_component>
      <object_component id="oc-10a">
         <name>.debug_info</name>
         <load_address>0x107a2</load_address>
         <run_address>0x107a2</run_address>
         <size>0x981</size>
         <input_file_ref idref="fl-b1"/>
      </object_component>
      <object_component id="oc-10e">
         <name>.debug_info</name>
         <load_address>0x11123</load_address>
         <run_address>0x11123</run_address>
         <size>0xe4a</size>
         <input_file_ref idref="fl-b2"/>
      </object_component>
      <object_component id="oc-115">
         <name>.debug_info</name>
         <load_address>0x11f6d</load_address>
         <run_address>0x11f6d</run_address>
         <size>0xb73</size>
         <input_file_ref idref="fl-b3"/>
      </object_component>
      <object_component id="oc-117">
         <name>.debug_info</name>
         <load_address>0x12ae0</load_address>
         <run_address>0x12ae0</run_address>
         <size>0x6b8</size>
         <input_file_ref idref="fl-b4"/>
      </object_component>
      <object_component id="oc-11e">
         <name>.debug_info</name>
         <load_address>0x13198</load_address>
         <run_address>0x13198</run_address>
         <size>0xaa</size>
         <input_file_ref idref="fl-b5"/>
      </object_component>
      <object_component id="oc-124">
         <name>.debug_info</name>
         <load_address>0x13242</load_address>
         <run_address>0x13242</run_address>
         <size>0x93b</size>
         <input_file_ref idref="fl-b6"/>
      </object_component>
      <object_component id="oc-127">
         <name>.debug_info</name>
         <load_address>0x13b7d</load_address>
         <run_address>0x13b7d</run_address>
         <size>0xa57</size>
         <input_file_ref idref="fl-b7"/>
      </object_component>
      <object_component id="oc-12c">
         <name>.debug_info</name>
         <load_address>0x145d4</load_address>
         <run_address>0x145d4</run_address>
         <size>0xda7</size>
         <input_file_ref idref="fl-b8"/>
      </object_component>
      <object_component id="oc-130">
         <name>.debug_info</name>
         <load_address>0x1537b</load_address>
         <run_address>0x1537b</run_address>
         <size>0x7a6</size>
         <input_file_ref idref="fl-b9"/>
      </object_component>
      <object_component id="oc-135">
         <name>.debug_info</name>
         <load_address>0x15b21</load_address>
         <run_address>0x15b21</run_address>
         <size>0x659</size>
         <input_file_ref idref="fl-ba"/>
      </object_component>
      <object_component id="oc-139">
         <name>.debug_info</name>
         <load_address>0x1617a</load_address>
         <run_address>0x1617a</run_address>
         <size>0x970</size>
         <input_file_ref idref="fl-bb"/>
      </object_component>
      <object_component id="oc-13d">
         <name>.debug_info</name>
         <load_address>0x16aea</load_address>
         <run_address>0x16aea</run_address>
         <size>0xcf1</size>
         <input_file_ref idref="fl-bc"/>
      </object_component>
      <object_component id="oc-142">
         <name>.debug_info</name>
         <load_address>0x177db</load_address>
         <run_address>0x177db</run_address>
         <size>0xfe5</size>
         <input_file_ref idref="fl-bd"/>
      </object_component>
      <object_component id="oc-149">
         <name>.debug_info</name>
         <load_address>0x187c0</load_address>
         <run_address>0x187c0</run_address>
         <size>0xbb3</size>
         <input_file_ref idref="fl-be"/>
      </object_component>
      <object_component id="oc-14e">
         <name>.debug_info</name>
         <load_address>0x19373</load_address>
         <run_address>0x19373</run_address>
         <size>0xb6</size>
         <input_file_ref idref="fl-bf"/>
      </object_component>
      <object_component id="oc-151">
         <name>.debug_info</name>
         <load_address>0x19429</load_address>
         <run_address>0x19429</run_address>
         <size>0x1032</size>
         <input_file_ref idref="fl-c0"/>
      </object_component>
      <object_component id="oc-156">
         <name>.debug_info</name>
         <load_address>0x1a45b</load_address>
         <run_address>0x1a45b</run_address>
         <size>0xbd</size>
         <input_file_ref idref="fl-c1"/>
      </object_component>
      <object_component id="oc-159">
         <name>.debug_info</name>
         <load_address>0x1a518</load_address>
         <run_address>0x1a518</run_address>
         <size>0xc5e</size>
         <input_file_ref idref="fl-c2"/>
      </object_component>
      <object_component id="oc-15d">
         <name>.debug_info</name>
         <load_address>0x1b176</load_address>
         <run_address>0x1b176</run_address>
         <size>0x723</size>
         <input_file_ref idref="fl-c3"/>
      </object_component>
      <object_component id="oc-162">
         <name>.debug_info</name>
         <load_address>0x1b899</load_address>
         <run_address>0x1b899</run_address>
         <size>0xdd7</size>
         <input_file_ref idref="fl-c4"/>
      </object_component>
      <object_component id="oc-167">
         <name>.debug_info</name>
         <load_address>0x1c670</load_address>
         <run_address>0x1c670</run_address>
         <size>0xd12</size>
         <input_file_ref idref="fl-c5"/>
      </object_component>
      <object_component id="oc-16b">
         <name>.debug_info</name>
         <load_address>0x1d382</load_address>
         <run_address>0x1d382</run_address>
         <size>0x821</size>
         <input_file_ref idref="fl-c6"/>
      </object_component>
      <object_component id="oc-16f">
         <name>.debug_info</name>
         <load_address>0x1dba3</load_address>
         <run_address>0x1dba3</run_address>
         <size>0x721</size>
         <input_file_ref idref="fl-c7"/>
      </object_component>
      <object_component id="oc-174">
         <name>.debug_info</name>
         <load_address>0x1e2c4</load_address>
         <run_address>0x1e2c4</run_address>
         <size>0xd9</size>
         <input_file_ref idref="fl-c8"/>
      </object_component>
      <object_component id="oc-177">
         <name>.debug_info</name>
         <load_address>0x1e39d</load_address>
         <run_address>0x1e39d</run_address>
         <size>0x791</size>
         <input_file_ref idref="fl-c9"/>
      </object_component>
      <object_component id="oc-1ce">
         <name>.debug_info</name>
         <load_address>0x1eb2e</load_address>
         <run_address>0x1eb2e</run_address>
         <size>0x6d</size>
      </object_component>
      <object_component id="oc-55">
         <name>.debug_line</name>
         <load_address>0x0</load_address>
         <run_address>0x0</run_address>
         <size>0x259</size>
         <input_file_ref idref="fl-2"/>
      </object_component>
      <object_component id="oc-5e">
         <name>.debug_line</name>
         <load_address>0x259</load_address>
         <run_address>0x259</run_address>
         <size>0x399</size>
         <input_file_ref idref="fl-4"/>
      </object_component>
      <object_component id="oc-61">
         <name>.debug_line</name>
         <load_address>0x5f2</load_address>
         <run_address>0x5f2</run_address>
         <size>0x75</size>
         <input_file_ref idref="fl-88"/>
      </object_component>
      <object_component id="oc-67">
         <name>.debug_line</name>
         <load_address>0x667</load_address>
         <run_address>0x667</run_address>
         <size>0xc4</size>
         <input_file_ref idref="fl-8a"/>
      </object_component>
      <object_component id="oc-6c">
         <name>.debug_line</name>
         <load_address>0x72b</load_address>
         <run_address>0x72b</run_address>
         <size>0x139</size>
         <input_file_ref idref="fl-8b"/>
      </object_component>
      <object_component id="oc-6f">
         <name>.debug_line</name>
         <load_address>0x864</load_address>
         <run_address>0x864</run_address>
         <size>0x3e</size>
         <input_file_ref idref="fl-8c"/>
      </object_component>
      <object_component id="oc-72">
         <name>.debug_line</name>
         <load_address>0x8a2</load_address>
         <run_address>0x8a2</run_address>
         <size>0x47</size>
         <input_file_ref idref="fl-8d"/>
      </object_component>
      <object_component id="oc-77">
         <name>.debug_line</name>
         <load_address>0x8e9</load_address>
         <run_address>0x8e9</run_address>
         <size>0x61</size>
         <input_file_ref idref="fl-8e"/>
      </object_component>
      <object_component id="oc-7b">
         <name>.debug_line</name>
         <load_address>0x94a</load_address>
         <run_address>0x94a</run_address>
         <size>0x40</size>
         <input_file_ref idref="fl-8f"/>
      </object_component>
      <object_component id="oc-7f">
         <name>.debug_line</name>
         <load_address>0x98a</load_address>
         <run_address>0x98a</run_address>
         <size>0x40</size>
         <input_file_ref idref="fl-90"/>
      </object_component>
      <object_component id="oc-84">
         <name>.debug_line</name>
         <load_address>0x9ca</load_address>
         <run_address>0x9ca</run_address>
         <size>0x40</size>
         <input_file_ref idref="fl-91"/>
      </object_component>
      <object_component id="oc-87">
         <name>.debug_line</name>
         <load_address>0xa0a</load_address>
         <run_address>0xa0a</run_address>
         <size>0x43</size>
         <input_file_ref idref="fl-92"/>
      </object_component>
      <object_component id="oc-8b">
         <name>.debug_line</name>
         <load_address>0xa4d</load_address>
         <run_address>0xa4d</run_address>
         <size>0xb3</size>
         <input_file_ref idref="fl-93"/>
      </object_component>
      <object_component id="oc-8f">
         <name>.debug_line</name>
         <load_address>0xb00</load_address>
         <run_address>0xb00</run_address>
         <size>0x6d</size>
         <input_file_ref idref="fl-94"/>
      </object_component>
      <object_component id="oc-94">
         <name>.debug_line</name>
         <load_address>0xb6d</load_address>
         <run_address>0xb6d</run_address>
         <size>0x3d</size>
         <input_file_ref idref="fl-95"/>
      </object_component>
[...]
      </symbol>
      <symbol id="sm-545">
         <name>_DSK6713_DIP_init</name>
         <value>0x41a0</value>
         <object_component_ref idref="oc-d3"/>
      </symbol>
      <symbol id="sm-546">
         <name>_DSK6713_DIP_get</name>
         <value>0x41a8</value>
         <object_component_ref idref="oc-d3"/>
      </symbol>
      <symbol id="sm-552">
         <name>_DSK6713_LED_init</name>
         <value>0x2b60</value>
         <object_component_ref idref="oc-d7"/>
      </symbol>
      <symbol id="sm-553">
         <name>_DSK6713_LED_on</name>
         <value>0x2c10</value>
         <object_component_ref idref="oc-d7"/>
      </symbol>
      <symbol id="sm-554">
         <name>_DSK6713_LED_toggle</name>
         <value>0x2c80</value>
         <object_component_ref idref="oc-d7"/>
      </symbol>
      <symbol id="sm-555">
         <name>_DSK6713_LED_off</name>
         <value>0x2ba0</value>
         <object_component_ref idref="oc-d7"/>
      </symbol>
      <symbol id="sm-563">
         <name>_DSK6713_init</name>
         <value>0x1d4c</value>
         <object_component_ref idref="oc-dc"/>
      </symbol>
      <symbol id="sm-564">
         <name>_DSK6713_version</name>
         <value>0x9ec8</value>
         <object_component_ref idref="oc-dd"/>
      </symbol>
      <symbol id="sm-565">
         <name>_DSK6713_rget</name>
         <value>0x2068</value>
         <object_component_ref idref="oc-dc"/>
      </symbol>
      <symbol id="sm-566">
         <name>_DSK6713_wait</name>
         <value>0x2090</value>
         <object_component_ref idref="oc-dc"/>
      </symbol>
      <symbol id="sm-567">
         <name>_DSK6713_rset</name>
         <value>0x207c</value>
         <object_component_ref idref="oc-dc"/>
      </symbol>
      <symbol id="sm-568">
         <name>_DSK6713_waitusec</name>
         <value>0x20e8</value>
         <object_component_ref idref="oc-dc"/>
      </symbol>
      <symbol id="sm-569">
         <name>_DSK6713_getVersion</name>
         <value>0x2114</value>
         <object_component_ref idref="oc-dc"/>
      </symbol>
      <symbol id="sm-58d">
         <name>_EDMA_intClear</name>
         <value>0x44a0</value>
         <object_component_ref idref="oc-185"/>
      </symbol>
      <symbol id="sm-58e">
         <name>_EDMA_enableChannel</name>
         <value>0x4280</value>
         <object_component_ref idref="oc-18d"/>
      </symbol>
      <symbol id="sm-58f">
         <name>_EDMA_intDisable</name>
         <value>0x42e0</value>
         <object_component_ref idref="oc-18b"/>
      </symbol>
      <symbol id="sm-590">
         <name>_EDMA_config</name>
         <value>0x3c60</value>
         <object_component_ref idref="oc-18a"/>
      </symbol>
      <symbol id="sm-591">
         <name>_EDMA_clearPram</name>
         <value>0x3e20</value>
         <object_component_ref idref="oc-187"/>
      </symbol>
      <symbol id="sm-592">
         <name>_EDMA_reset</name>
         <value>0x3580</value>
         <object_component_ref idref="oc-197"/>
      </symbol>
      <symbol id="sm-593">
         <name>_tccAllocTable</name>
         <value>0x9d20</value>
         <object_component_ref idref="oc-e3"/>
      </symbol>
      <symbol id="sm-594">
         <name>_EDMA_open</name>
         <value>0x2480</value>
         <object_component_ref idref="oc-188"/>
      </symbol>
      <symbol id="sm-595">
         <name>_EDMA_intTest</name>
         <value>0x44c0</value>
         <object_component_ref idref="oc-184"/>
      </symbol>
      <symbol id="sm-596">
         <name>_EDMA_qdmaConfig</name>
         <value>0x43a0</value>
         <object_component_ref idref="oc-198"/>
      </symbol>
      <symbol id="sm-597">
         <name>_EDMA_disableChannel</name>
         <value>0x4220</value>
         <object_component_ref idref="oc-19c"/>
      </symbol>
      <symbol id="sm-598">
         <name>_EDMA_intEnable</name>
         <value>0x4340</value>
         <object_component_ref idref="oc-18c"/>
      </symbol>
      <symbol id="sm-599">
         <name>_EDMA_allocTable</name>
         <value>0x30c0</value>
         <object_component_ref idref="oc-189"/>
      </symbol>
      <symbol id="sm-5a3">
         <name>_GBL_cslCacheInit</name>
         <value>0x6e60</value>
         <object_component_ref idref="oc-e8"/>
      </symbol>
      <symbol id="sm-5ab">
         <name>GBL_A_VERSION</name>
         <value>0x5205</value>
      </symbol>
      <symbol id="sm-5ac">
         <name>_GBL_getVersion</name>
         <value>0x79a0</value>
         <object_component_ref idref="oc-eb"/>
      </symbol>
      <symbol id="sm-5b4">
         <name>_HWI_restore</name>
         <value>0x774c</value>
         <object_component_ref idref="oc-ef"/>
      </symbol>
      <symbol id="sm-5b5">
         <name>_HWI_enable</name>
         <value>0x7738</value>
         <object_component_ref idref="oc-ef"/>
      </symbol>
      <symbol id="sm-5b6">
         <name>_HWI_disable</name>
         <value>0x7720</value>
         <object_component_ref idref="oc-ef"/>
      </symbol>
      <symbol id="sm-5d6">
         <name>__IRQ_eventTable</name>
         <value>0x9ab8</value>
         <object_component_ref idref="oc-f5"/>
      </symbol>
      <symbol id="sm-5d7">
         <name>_IRQ_nmiEnable</name>
         <value>0x4520</value>
         <object_component_ref idref="oc-192"/>
      </symbol>
      <symbol id="sm-5d8">
         <name>_IRQ_reset</name>
         <value>0x4440</value>
         <object_component_ref idref="oc-18f"/>
      </symbol>
      <symbol id="sm-5d9">
         <name>__IRQ_intTable</name>
         <value>0x9b3c</value>
         <object_component_ref idref="oc-f5"/>
      </symbol>
      <symbol id="sm-5da">
         <name>_IRQ_globalEnable</name>
         <value>0x4500</value>
         <object_component_ref idref="oc-191"/>
      </symbol>
      <symbol id="sm-5db">
         <name>_IRQ_globalDisable</name>
         <value>0x44e0</value>
         <object_component_ref idref="oc-186"/>
      </symbol>
      <symbol id="sm-5dc">
         <name>_IRQ_map</name>
         <value>0x2d40</value>
         <object_component_ref idref="oc-18e"/>
      </symbol>
      <symbol id="sm-5dd">
         <name>__IRQ_init</name>
         <value>0x4060</value>
         <object_component_ref idref="oc-195"/>
      </symbol>
      <symbol id="sm-5de">
         <name>_IRQ_enable</name>
         <value>0x4400</value>
         <object_component_ref idref="oc-190"/>
      </symbol>
      <symbol id="sm-5df">
         <name>__IRQ_dispatchTable</name>
         <value>0x9b7c</value>
         <object_component_ref idref="oc-f5"/>
      </symbol>
      <symbol id="sm-5e0">
         <name>__IRQ_hookFetchPacket</name>
         <value>0x45c0</value>
         <object_component_ref idref="oc-f3"/>
      </symbol>
      <symbol id="sm-5ec">
         <name>_KNL_maxqueue</name>
         <value>0xad18</value>
         <object_component_ref idref="oc-f9"/>
      </symbol>
      <symbol id="sm-5ed">
         <name>_KNL_inactive</name>
         <value>0xacf8</value>
         <object_component_ref idref="oc-f9"/>
      </symbol>
      <symbol id="sm-5ee">
         <name>_KNL_tswitchfxn</name>
         <value>0xad1c</value>
         <object_component_ref idref="oc-f9"/>
      </symbol>
      <symbol id="sm-5ef">
         <name>_KNL_setpri</name>
         <value>0xacf4</value>
         <object_component_ref idref="oc-f9"/>
      </symbol>
      <symbol id="sm-5f0">
         <name>_KNL_swiptr</name>
         <value>0xad10</value>
         <object_component_ref idref="oc-f9"/>
      </symbol>
      <symbol id="sm-5f1">
         <name>_KNL_dummy</name>
         <value>0x9c24</value>
         <object_component_ref idref="oc-fc"/>
      </symbol>
      <symbol id="sm-5f2">
         <name>_KNL_curtask</name>
         <value>0xad04</value>
         <object_component_ref idref="oc-f9"/>
      </symbol>
      <symbol id="sm-5f3">
         <name>_KNL_curqueue</name>
         <value>0xad14</value>
         <object_component_ref idref="oc-f9"/>
      </symbol>
      <symbol id="sm-5f4">
         <name>_KNL_wList</name>
         <value>0xacec</value>
         <object_component_ref idref="oc-f9"/>
      </symbol>
      <symbol id="sm-5f5">
         <name>_KNL_curtime</name>
         <value>0xad0c</value>
         <object_component_ref idref="oc-f9"/>
      </symbol>
      <symbol id="sm-5f6">
         <name>_KNL_set</name>
         <value>0xad00</value>
         <object_component_ref idref="oc-f9"/>
      </symbol>
      <symbol id="sm-5f7">
         <name>_KNL_alarm</name>
         <value>0xacf0</value>
         <object_component_ref idref="oc-f9"/>
      </symbol>
      <symbol id="sm-5f8">
         <name>_KNL_prevtask</name>
         <value>0xad08</value>
         <object_component_ref idref="oc-f9"/>
      </symbol>
      <symbol id="sm-5f9">
         <name>_KNL_queues</name>
         <value>0x9b84</value>
         <object_component_ref idref="oc-fc"/>
      </symbol>
      <symbol id="sm-5fa">
         <name>_KNL_idlefxn</name>
         <value>0xad2c</value>
         <object_component_ref idref="oc-f9"/>
      </symbol>
      <symbol id="sm-5fb">
         <name>_KNL_priority</name>
         <value>0xacfc</value>
         <object_component_ref idref="oc-f9"/>
      </symbol>
      <symbol id="sm-5fc">
         <name>_KNL_treadyfxn</name>
         <value>0xad28</value>
         <object_component_ref idref="oc-f9"/>
      </symbol>
      <symbol id="sm-5fd">
         <name>_KNL_tcreatefxn</name>
         <value>0xad20</value>
         <object_component_ref idref="oc-f9"/>
      </symbol>
      <symbol id="sm-5fe">
         <name>_KNL_wFlag</name>
         <value>0xace8</value>
         <object_component_ref idref="oc-f9"/>
      </symbol>
      <symbol id="sm-5ff">
         <name>_KNL_tdeletefxn</name>
         <value>0xad24</value>
         <object_component_ref idref="oc-f9"/>
      </symbol>
      <symbol id="sm-609">
         <name>_KNL_exit</name>
         <value>0x6f40</value>
         <object_component_ref idref="oc-ff"/>
      </symbol>
      <symbol id="sm-60a">
         <name>_KNL_enter</name>
         <value>0x6f94</value>
         <object_component_ref idref="oc-ff"/>
      </symbol>
      <symbol id="sm-612">
         <name>__KNL_lat1beg</name>
         <value>0x6d70</value>
         <object_component_ref idref="oc-102"/>
      </symbol>
      <symbol id="sm-613">
         <name>__KNL_lat1end</name>
         <value>0x6df8</value>
         <object_component_ref idref="oc-102"/>
      </symbol>
      <symbol id="sm-614">
         <name>_KNL_max</name>
         <value>0x6e1c</value>
         <object_component_ref idref="oc-102"/>
      </symbol>
      <symbol id="sm-615">
         <name>_KNL_check</name>
         <value>0x6d20</value>
         <object_component_ref idref="oc-102"/>
      </symbol>
      <symbol id="sm-616">
         <name>_KNL_idle</name>
         <value>0x6df8</value>
         <object_component_ref idref="oc-102"/>
      </symbol>
      <symbol id="sm-620">
         <name>_KNL_post</name>
         <value>0x72a0</value>
         <object_component_ref idref="oc-107"/>
      </symbol>
      <symbol id="sm-62a">
         <name>_KNL_ipost</name>
         <value>0x71e0</value>
         <object_component_ref idref="oc-10b"/>
      </symbol>
      <symbol id="sm-634">
         <name>_KNL_run</name>
         <value>0x5900</value>
         <object_component_ref idref="oc-10f"/>
      </symbol>
      <symbol id="sm-648">
         <name>_MCBSP_reset</name>
         <value>0x3260</value>
         <object_component_ref idref="oc-194"/>
      </symbol>
      <symbol id="sm-649">
         <name>_MCBSP_open</name>
         <value>0x3a60</value>
         <object_component_ref idref="oc-17c"/>
      </symbol>
      <symbol id="sm-64a">
         <name>__MCBSP_hDev0</name>
         <value>0x9de0</value>
         <object_component_ref idref="oc-113"/>
      </symbol>
      <symbol id="sm-64b">
         <name>__MCBSP_hDev1</name>
         <value>0x9de4</value>
         <object_component_ref idref="oc-113"/>
      </symbol>
      <symbol id="sm-64c">
         <name>_MCBSP_start</name>
         <value>0x3b60</value>
         <object_component_ref idref="oc-17d"/>
      </symbol>
      <symbol id="sm-64d">
         <name>_MCBSP_write</name>
         <value>0x4540</value>
         <object_component_ref idref="oc-193"/>
      </symbol>
      <symbol id="sm-65b">
         <name>_OBJ_table</name>
         <value>0x9cb8</value>
         <object_component_ref idref="oc-119"/>
      </symbol>
      <symbol id="sm-65c">
         <name>_OBJ_init</name>
         <value>0xaa60</value>
         <object_component_ref idref="oc-11a"/>
      </symbol>
      <symbol id="sm-65d">
         <name>_OBJ_segtab</name>
         <value>0x9cf0</value>
         <object_component_ref idref="oc-119"/>
      </symbol>
      <symbol id="sm-665">
         <name>_STS_set</name>
         <value>0x79e0</value>
         <object_component_ref idref="oc-11d"/>
      </symbol>
      <symbol id="sm-675">
         <name>_TIMER_reset</name>
         <value>0x3940</value>
         <object_component_ref idref="oc-19b"/>
      </symbol>
      <symbol id="sm-676">
         <name>_TIMER_open</name>
         <value>0x36c0</value>
         <object_component_ref idref="oc-196"/>
      </symbol>
      <symbol id="sm-677">
         <name>__TIMER_hDev0</name>
         <value>0x9e50</value>
         <object_component_ref idref="oc-122"/>
      </symbol>
      <symbol id="sm-678">
         <name>__TIMER_hDev1</name>
         <value>0x9e54</value>
         <object_component_ref idref="oc-122"/>
      </symbol>
      <symbol id="sm-679">
         <name>__TIMER_hBios</name>
         <value>0x9e58</value>
         <object_component_ref idref="oc-122"/>
      </symbol>
      <symbol id="sm-67a">
         <name>__TIMER_deviceTable</name>
         <value>0x9e38</value>
         <object_component_ref idref="oc-122"/>
      </symbol>
      <symbol id="sm-688">
         <name>_TSK_nTasks</name>
         <value>0xad48</value>
         <object_component_ref idref="oc-126"/>
      </symbol>
      <symbol id="sm-689">
         <name>_TSK_config</name>
         <value>0x9c78</value>
         <object_component_ref idref="oc-129"/>
      </symbol>
      <symbol id="sm-68a">
         <name>_TSK</name>
         <value>0xad50</value>
         <object_component_ref idref="oc-126"/>
      </symbol>
      <symbol id="sm-68b">
         <name>_TSK_timerSem</name>
         <value>0x9c98</value>
         <object_component_ref idref="oc-129"/>
      </symbol>
      <symbol id="sm-68c">
         <name>_TSK_pid</name>
         <value>0xad4c</value>
         <object_component_ref idref="oc-126"/>
      </symbol>
      <symbol id="sm-68d">
         <name>_TSK_ATTRS</name>
         <value>0x9c5c</value>
         <object_component_ref idref="oc-129"/>
      </symbol>
      <symbol id="sm-697">
         <name>_TSK_exit</name>
         <value>0x6880</value>
         <object_component_ref idref="oc-12d"/>
      </symbol>
      <symbol id="sm-6a1">
         <name>_SYS_exit</name>
         <value>0x7420</value>
         <object_component_ref idref="oc-131"/>
      </symbol>
      <symbol id="sm-6ad">
         <name>_SYS_exitStack</name>
         <value>0x9e5c</value>
         <object_component_ref idref="oc-137"/>
      </symbol>
      <symbol id="sm-6ae">
         <name>_SYS_exitStackPtr</name>
         <value>0xad5c</value>
         <object_component_ref idref="oc-134"/>
      </symbol>
      <symbol id="sm-6af">
         <name>_SYS_exitStackTop</name>
         <value>0xad60</value>
         <object_component_ref idref="oc-134"/>
      </symbol>
      <symbol id="sm-6b9">
         <name>_TSK_init</name>
         <value>0xa9e0</value>
         <object_component_ref idref="oc-13a"/>
      </symbol>
      <symbol id="sm-6c3">
         <name>_TSK_setup</name>
         <value>0x6300</value>
         <object_component_ref idref="oc-13e"/>
      </symbol>
      <symbol id="sm-6d5">
         <name>__MEM_mutex</name>
         <value>0x9d88</value>
         <object_component_ref idref="oc-144"/>
      </symbol>
      <symbol id="sm-6d6">
         <name>_TSK_startup</name>
         <value>0x6c60</value>
         <object_component_ref idref="oc-145"/>
      </symbol>
      <symbol id="sm-6d7">
         <name>__TSK_mutex</name>
         <value>0x9d60</value>
         <object_component_ref idref="oc-144"/>
      </symbol>
      <symbol id="sm-6e1">
         <name>_LCK_pend</name>
         <value>0x7390</value>
         <object_component_ref idref="oc-14a"/>
      </symbol>
      <symbol id="sm-6e2">
         <name>_LCK_post</name>
         <value>0x7360</value>
         <object_component_ref idref="oc-14a"/>
      </symbol>
      <symbol id="sm-6ea">
         <name>_SEM_pend</name>
         <value>0x7780</value>
         <object_component_ref idref="oc-14d"/>
      </symbol>
      <symbol id="sm-6f4">
         <name>_SEM_pendEnterKnl</name>
         <value>0x5bc0</value>
         <object_component_ref idref="oc-152"/>
      </symbol>
      <symbol id="sm-6fc">
         <name>_SEM_postBinary</name>
         <value>0x7100</value>
         <object_component_ref idref="oc-155"/>
      </symbol>
      <symbol id="sm-6fd">
         <name>_SEM_post</name>
         <value>0x7100</value>
         <object_component_ref idref="oc-155"/>
      </symbol>
      <symbol id="sm-707">
         <name>_SEM_postEnterKnl</name>
         <value>0x7020</value>
         <object_component_ref idref="oc-15a"/>
      </symbol>
      <symbol id="sm-711">
         <name>_SYS_abort</name>
         <value>0x77e0</value>
         <object_component_ref idref="oc-15e"/>
      </symbol>
      <symbol id="sm-71f">
         <name>__GBL_setL2CacheMode</name>
         <value>0x4a14</value>
         <object_component_ref idref="oc-164"/>
      </symbol>
      <symbol id="sm-729">
         <name>__SEM_dopost</name>
         <value>0x60e0</value>
         <object_component_ref idref="oc-168"/>
      </symbol>
      <symbol id="sm-733">
         <name>__auto_init</name>
         <value>0x6a20</value>
         <object_component_ref idref="oc-16c"/>
      </symbol>
      <symbol id="sm-745">
         <name>__unlock</name>
         <value>0x9ec4</value>
         <object_component_ref idref="oc-171"/>
      </symbol>
      <symbol id="sm-746">
         <name>__lock</name>
         <value>0x9ec0</value>
         <object_component_ref idref="oc-171"/>
      </symbol>
      <symbol id="sm-747">
         <name>__register_lock</name>
         <value>0x4580</value>
         <object_component_ref idref="oc-17e"/>
      </symbol>
      <symbol id="sm-748">
         <name>__nop</name>
         <value>0x4560</value>
         <object_component_ref idref="oc-181"/>
      </symbol>
      <symbol id="sm-749">
         <name>__register_unlock</name>
         <value>0x45a0</value>
         <object_component_ref idref="oc-17f"/>
      </symbol>
      <symbol id="sm-751">
         <name>__strasg</name>
         <value>0x3d40</value>
         <object_component_ref idref="oc-17b"/>
      </symbol>
      <symbol id="sm-75b">
         <name>_memcpy</name>
         <value>0x2700</value>
         <object_component_ref idref="oc-180"/>
      </symbol>
   </symbol_table>
</link_info>
